../Core/Src/config.c:79:6:init_char_arrays	8	static
../Core/Src/config.c:91:13:flash_read_config	16	static
../Core/Src/config.c:96:12:flash_write_config	64	static
../Core/Src/config.c:146:13:uppercase_inplace	24	static
../Core/Src/config.c:156:6:read_override	32	static
../Core/Src/config.c:175:6:flash_fetch	48	static
../Core/Src/config.c:235:5:flash_LED	32	static
../Core/Src/config.c:247:7:trim	24	static
../Core/Src/config.c:268:6:name_entry_from_string	56	static
../Core/Src/config.c:318:6:parse_column_ids_from_library	520	static
