../Core/Src/main.c:51:13:UART_Printf_Internal	536	static
../Core/Src/main.c:59:6:SSM_Printf	16	static
../Core/Src/main.c:68:13:Debug_Printf	16	static
../Core/Src/main.c:77:5:__io_putchar	16	static
../Core/Src/main.c:83:12:UART_ReadLine	32	static
../Core/Src/main.c:111:12:UART3_WaitForOK	56	static
../Core/Src/main.c:131:13:uppercase_inplace	24	static
../Core/Src/main.c:143:12:load_config_by_mastername	32	static
../Core/Src/main.c:199:13:columnOn	8	static
../Core/Src/main.c:212:13:columnOff	8	static
../Core/Src/main.c:225:14:SSM_GetCurrent_mA	4	static
../Core/Src/main.c:230:14:SSM_GetBusVoltage_V	4	static
../Core/Src/main.c:237:13:due_command	8	static
../Core/Src/main.c:260:12:parse_cmd	392	static
../Core/Src/main.c:358:13:read_data_from_column	64	static
../Core/Src/main.c:439:12:send_thru_sarq_wait_ok	616	static
../Core/Src/main.c:491:13:send_current_voltage_thru_arq	256	static
../Core/Src/main.c:511:13:operation	5032	static
../Core/Src/main.c:602:13:handle_debug_command	64	static
../Core/Src/main.c:654:13:handle_sarq_command	32	static
../Core/Src/main.c:675:5:main	8	static
../Core/Src/main.c:697:13:Run_SSM_App	272	static
../Core/Src/main.c:757:13:MX_CAN1_Init	8	static
../Core/Src/main.c:777:13:MX_SPI2_Init	8	static
../Core/Src/main.c:799:13:MX_USART2_UART_Init	8	static
../Core/Src/main.c:817:13:MX_USART3_UART_Init	8	static
../Core/Src/main.c:835:13:MX_GPIO_Init	40	static
../Core/Src/main.c:866:6:SystemClock_Config	96	static
../Core/Src/main.c:901:6:Error_Handler	4	static,ignoring_inline_asm
