../Core/Src/main.c:51:13:UART_Printf_Internal	1
../Core/Src/main.c:59:6:SSM_Printf	1
../Core/Src/main.c:68:13:Debug_Printf	1
../Core/Src/main.c:77:5:__io_putchar	1
../Core/Src/main.c:83:12:UART_ReadLine	5
../Core/Src/main.c:111:12:UART3_WaitForOK	4
../Core/Src/main.c:131:13:uppercase_inplace	4
../Core/Src/main.c:143:12:load_config_by_mastername	5
../Core/Src/main.c:199:13:columnOn	1
../Core/Src/main.c:212:13:columnOff	1
../Core/Src/main.c:225:14:SSM_GetCurrent_mA	1
../Core/Src/main.c:230:14:SSM_GetBusVoltage_V	1
../Core/Src/main.c:237:13:due_command	1
../Core/Src/main.c:260:12:parse_cmd	13
../Core/Src/main.c:358:13:read_data_from_column	7
../Core/Src/main.c:439:12:send_thru_sarq_wait_ok	3
../Core/Src/main.c:491:13:send_current_voltage_thru_arq	1
../Core/Src/main.c:511:13:operation	10
../Core/Src/main.c:602:13:handle_debug_command	11
../Core/Src/main.c:654:13:handle_sarq_command	2
../Core/Src/main.c:675:5:main	1
../Core/Src/main.c:697:13:Run_SSM_App	4
../Core/Src/main.c:757:13:MX_CAN1_Init	2
../Core/Src/main.c:777:13:MX_SPI2_Init	2
../Core/Src/main.c:799:13:MX_USART2_UART_Init	2
../Core/Src/main.c:817:13:MX_USART3_UART_Init	2
../Core/Src/main.c:835:13:MX_GPIO_Init	1
../Core/Src/main.c:866:6:SystemClock_Config	4
../Core/Src/main.c:901:6:Error_Handler	1
