../Core/Src/main.c:49:13:UART_Printf_Internal	536	static
../Core/Src/main.c:57:6:SSM_Printf	16	static
../Core/Src/main.c:66:13:Debug_Printf	16	static
../Core/Src/main.c:75:5:__io_putchar	16	static
../Core/Src/main.c:81:12:UART_ReadLine	32	static
../Core/Src/main.c:109:12:UART3_WaitForOK	56	static
../Core/Src/main.c:129:13:uppercase_inplace	24	static
../Core/Src/main.c:141:12:load_config_by_mastername	32	static
../Core/Src/main.c:197:13:columnOn	8	static
../Core/Src/main.c:210:13:columnOff	8	static
../Core/Src/main.c:223:14:SSM_GetCurrent_mA	4	static
../Core/Src/main.c:228:14:SSM_GetBusVoltage_V	4	static
../Core/Src/main.c:235:13:due_command	8	static
../Core/Src/main.c:258:12:parse_cmd	392	static
../Core/Src/main.c:356:13:read_data_from_column	64	static
../Core/Src/main.c:437:12:send_thru_sarq_wait_ok	616	static
../Core/Src/main.c:489:13:send_current_voltage_thru_arq	256	static
../Core/Src/main.c:509:13:operation	5032	static
../Core/Src/main.c:600:13:handle_debug_command	64	static
../Core/Src/main.c:652:13:handle_sarq_command	32	static
../Core/Src/main.c:673:5:main	8	static
../Core/Src/main.c:695:13:Run_SSM_App	272	static
../Core/Src/main.c:755:13:MX_CAN1_Init	8	static
../Core/Src/main.c:775:13:MX_SPI2_Init	8	static
../Core/Src/main.c:797:13:MX_USART2_UART_Init	8	static
../Core/Src/main.c:815:13:MX_USART3_UART_Init	8	static
../Core/Src/main.c:833:13:MX_GPIO_Init	40	static
../Core/Src/main.c:864:6:SystemClock_Config	96	static
../Core/Src/main.c:899:6:Error_Handler	4	static,ignoring_inline_asm
