../Core/Src/sd.c:12:5:init_sd	8	static
../Core/Src/sd.c:24:6:SD_App_Init	8	static
../Core/Src/sd.c:42:5:SD_App_IsReady	4	static
../Core/Src/sd.c:47:5:SD_App_AppendLine	592	static
../Core/Src/sd.c:67:6:init_gids	16	static
../Core/Src/sd.c:75:5:unsent_row	976	static
../Core/Src/sd.c:102:6:open_sdata	960	static
../Core/Src/sd.c:128:6:rename_sd	1264	static
../Core/Src/sd.c:162:5:unsent_count	584	static
../Core/Src/sd.c:185:6:print_stored_config	48	static
../Core/Src/sd.c:240:6:print_stored_config2	48	static
../Core/Src/sd.c:282:7:get_value_from_line	32	static
../Core/Src/sd.c:317:8:writeData	704	static
../Core/Src/sd.c:359:6:startsWithIgnoreCase	24	static
../Core/Src/sd.c:375:14:process_config_line	32	static
../Core/Src/sd.c:464:5:process_column_ids	1032	static
../Core/Src/sd.c:492:6:open_config	1568	static
../Core/Src/sd.c:524:6:printDirectory	8	static
../Core/Src/sd.c:529:6:dumpSDtoPC	8	static
